[debug] > Exec(early(addDefaultCommands), None, None)
[debug] > Exec(addDefaultCommands, None, None)
[debug] > Exec(early(initialize), None, None)
[debug] > Exec(initialize, None, None)
[debug] > Exec(early(addPluginSbtFile="""C:\Users\AlexFil\AppData\Local\Temp\idea.sbt"""), None, None)
[debug] > Exec(addPluginSbtFile="""C:\Users\AlexFil\AppData\Local\Temp\idea.sbt""", None, None)
[debug] > Exec(boot, None, None)
[debug] > Exec(writeSbtVersion, None, None)
[debug] > Exec(reload, None, None)
[debug] > Exec(sbtStashOnFailure, None, None)
[debug] > Exec(onFailure loadFailed, None, None)
[debug] > Exec(loadp, None, None)
[info] welcome to sbt 1.9.7 (Eclipse Adoptium Java 17.0.9)
[debug] Load.defaultLoad until apply took 748.2754ms
[debug]           Load.loadUnit: plugins took 519.4121ms
[debug]           Load.loadUnit: defsScala took 3.3494ms
[debug] [Loading] Scanning directory C:\Users\AlexFil\IdeaProjects\hw3_Otus\project
[debug]             Load.loadUnit: mkEval took 16.4915ms
[debug] [Loading] Found non-root projects 
[debug] [Loading] Done in C:\Users\AlexFil\IdeaProjects\hw3_Otus\project, returning: ()
[debug] deducing auto plugins based on known facts Set(Atom(sbt.plugins.CorePlugin)) and clauses Clauses(Clause(Atom(sbt.plugins.JvmPlugin),Set(Atom(sbt.plugins.IvyPlugin)))
[debug] Clause(Atom(sbt.ScriptedPlugin),Set(Atom(sbt.plugins.JvmPlugin)))
[debug] Clause(Atom(sbt.plugins.SbtPlugin),Set(Atom(sbt.ScriptedPlugin)))
[debug] Clause(Atom(sbt.plugins.SemanticdbPlugin),Set(Atom(sbt.plugins.JvmPlugin)))
[debug] Clause(Atom(sbt.plugins.JUnitXmlReportPlugin),Set(Atom(sbt.plugins.JvmPlugin)))
[debug] Clause(Atom(sbt.plugins.MiniDependencyTreePlugin),Set(Atom(sbt.plugins.JvmPlugin)))
[debug] Clause(Atom(sbt.plugins.CorePlugin),Set(Atom(sbt.plugins.IvyPlugin)))
[debug] Clause(Atom(sbt.plugins.IvyPlugin),Set(Atom(sbt.plugins.JvmPlugin)))
[debug] Clause(Atom(sbt.plugins.JvmPlugin),Set(Atom(sbt.plugins.SemanticdbPlugin)))
[debug] Clause(Atom(sbt.plugins.JvmPlugin),Set(Atom(sbt.plugins.JUnitXmlReportPlugin)))
[debug] Clause(Atom(sbt.plugins.CorePlugin),Set(Atom(sbt.plugins.Giter8TemplatePlugin)))
[debug] Clause(Atom(sbt.plugins.JvmPlugin),Set(Atom(sbt.plugins.MiniDependencyTreePlugin))))
[debug]   :: deduced result: Matched(sbt.plugins.CorePlugin,sbt.plugins.Giter8TemplatePlugin,sbt.plugins.IvyPlugin,sbt.plugins.JvmPlugin,sbt.plugins.MiniDependencyTreePlugin,sbt.plugins.JUnitXmlReportPlugin,sbt.plugins.SemanticdbPlugin)
[debug] Plugins.deducer#function took 50.3275 ms
[info] loading settings for project hw3_otus-build from idea.sbt ...
[debug]               Load.resolveProject(hw3_otus-build) took 156.8472ms
[debug]             Load.loadTransitive: finalizeProject(Project(id hw3_otus-build, base: C:\Users\AlexFil\IdeaProjects\hw3_Otus\project, plugins: List(<none>))) took 296.1907ms
[debug] [Loading] Done in C:\Users\AlexFil\IdeaProjects\hw3_Otus\project, returning: (hw3_otus-build)
[debug]           Load.loadUnit: loadedProjectsRaw took 1448.057ms
[debug]           Load.loadUnit: cleanEvalClasses took 20.5573ms
[debug]         Load.loadUnit(file:/C:/Users/AlexFil/IdeaProjects/hw3_Otus/project/, ...) took 2006.249ms
[debug]       Load.apply: load took 2499.4014ms
[debug]       Load.apply: resolveProjects took 17.8297ms
[debug]       Load.apply: finalTransforms took 237.9816ms
[debug]       Load.apply: config.delegates took 50.1025ms
[debug]       Load.apply: Def.make(settings)... took 3023.1664ms
[debug]       Load.apply: structureIndex took 641.7671ms
[debug]       Load.apply: mkStreams took 4.2429ms
[info] loading project definition from C:\Users\AlexFil\IdeaProjects\hw3_Otus\project
[debug] Running task... Cancel: Signal, check cycles: false, forcegc: true
[debug]     Load.loadUnit: plugins took 16345.7173ms
[debug]     Load.loadUnit: defsScala took 0.0103ms
[debug] [Loading] Scanning directory C:\Users\AlexFil\IdeaProjects\hw3_Otus
[debug]       Load.loadUnit: mkEval took 1.0699ms
[debug] [Loading] Found root project root w/ remaining 
[debug] deducing auto plugins based on known facts Set(Atom(sbt.plugins.CorePlugin)) and clauses Clauses(Clause(Atom(sbt.plugins.JvmPlugin),Set(Atom(sbt.plugins.IvyPlugin)))
[debug] Clause(Atom(sbt.ScriptedPlugin),Set(Atom(sbt.plugins.JvmPlugin)))
[debug] Clause(Atom(sbt.plugins.SbtPlugin),Set(Atom(sbt.ScriptedPlugin)))
[debug] Clause(Atom(sbt.plugins.SemanticdbPlugin),Set(Atom(sbt.plugins.JvmPlugin)))
[debug] Clause(Atom(sbt.plugins.JUnitXmlReportPlugin),Set(Atom(sbt.plugins.JvmPlugin)))
[debug] Clause(Atom(sbt.plugins.MiniDependencyTreePlugin),Set(Atom(sbt.plugins.JvmPlugin)))
[debug] Clause(Atom(org.jetbrains.sbt.StructurePlugin),Set(Atom(sbt.plugins.JvmPlugin)))
[debug] Clause(Atom(org.jetbrains.sbt.IdeaShellPlugin),Set(Atom(sbt.plugins.JvmPlugin)))
[debug] Clause(Atom(org.jetbrains.sbt.indices.SbtIntellijIndicesPlugin),Set(Atom(sbt.plugins.JvmPlugin)))
[debug] Clause(Atom(sbt.plugins.CorePlugin),Set(Atom(sbt.plugins.IvyPlugin)))
[debug] Clause(Atom(sbt.plugins.IvyPlugin),Set(Atom(sbt.plugins.JvmPlugin)))
[debug] Clause(Atom(sbt.plugins.JvmPlugin),Set(Atom(sbt.plugins.SemanticdbPlugin)))
[debug] Clause(Atom(sbt.plugins.JvmPlugin),Set(Atom(sbt.plugins.JUnitXmlReportPlugin)))
[debug] Clause(Atom(sbt.plugins.CorePlugin),Set(Atom(sbt.plugins.Giter8TemplatePlugin)))
[debug] Clause(Atom(sbt.plugins.JvmPlugin),Set(Atom(sbt.plugins.MiniDependencyTreePlugin)))
[debug] Clause(Atom(sbt.plugins.JvmPlugin),Set(Atom(org.jetbrains.sbt.StructurePlugin)))
[debug] Clause(Atom(sbt.plugins.JvmPlugin),Set(Atom(org.jetbrains.sbt.IdeaShellPlugin)))
[debug] Clause(And(Set(Atom(sbt.plugins.CorePlugin), Atom(sbt.plugins.JvmPlugin))),Set(Atom(org.jetbrains.sbt.indices.SbtIntellijIndicesPlugin))))
[debug]   :: deduced result: Matched(sbt.plugins.CorePlugin,sbt.plugins.Giter8TemplatePlugin,sbt.plugins.IvyPlugin,sbt.plugins.JvmPlugin,sbt.plugins.SemanticdbPlugin,org.jetbrains.sbt.indices.SbtIntellijIndicesPlugin,sbt.plugins.JUnitXmlReportPlugin,org.jetbrains.sbt.IdeaShellPlugin,org.jetbrains.sbt.StructurePlugin,sbt.plugins.MiniDependencyTreePlugin)
[debug] Plugins.deducer#function took 5.6769 ms
[info] loading settings for project root from build.sbt ...
[debug]         Load.resolveProject(root) took 233.6579ms
[debug]       Load.loadTransitive: finalizeProject(Project(id root, base: C:\Users\AlexFil\IdeaProjects\hw3_Otus, plugins: List(<none>))) took 321.4087ms
[debug] [Loading] Done in C:\Users\AlexFil\IdeaProjects\hw3_Otus, returning: (root)
[debug]     Load.loadUnit: loadedProjectsRaw took 17487.8063ms
[debug]     Load.loadUnit: cleanEvalClasses took 151.6428ms
[debug]   Load.loadUnit(file:/C:/Users/AlexFil/IdeaProjects/hw3_Otus/, ...) took 33989.2656ms
[debug] Load.apply: load took 34077.2924ms
[debug] Load.apply: resolveProjects took 1.2661ms
[debug] Load.apply: finalTransforms took 302.1906ms
[debug] Load.apply: config.delegates took 1.0726ms
[debug] Load.apply: Def.make(settings)... took 1688.7576ms
[debug] Load.apply: structureIndex took 174.0004ms
[debug] Load.apply: mkStreams took 0.0051ms
[info] set current project to objectKafka (in build file:/C:/Users/AlexFil/IdeaProjects/hw3_Otus/)
[debug] > Exec(sbtPopOnFailure, None, None)
[debug] > Exec(resumeFromFailure, None, None)
[debug] > Exec(notifyUsersAboutShell, None, None)
[debug] > Exec(iflast shell, None, None)
[debug] > Exec(; set ideaPort in Global := 64713 ; idea-shell, None, None)
[debug] > Exec(set ideaPort in Global := 64713, None, None)
[info] Defining Global / ideaPort
[info] The new value will be used by Compile / compile, Test / compile
[debug] Defining 
[debug] 	Global / ideaPort
[debug] 
[debug] The new value will be used by 
[debug] 	Compile / compile
[debug] 	Test / compile
[info] Reapplying settings...
[info] set current project to objectKafka (in build file:/C:/Users/AlexFil/IdeaProjects/hw3_Otus/)
[debug] > Exec(idea-shell, None, None)
