[debug] > Exec(early(addDefaultCommands), None, None)
[debug] > Exec(addDefaultCommands, None, None)
[debug] > Exec(early(initialize), None, None)
[debug] > Exec(initialize, None, None)
[debug] > Exec(early(addPluginSbtFile="""C:\Users\AlexFil\AppData\Local\Temp\idea6.sbt"""), None, None)
[debug] > Exec(addPluginSbtFile="""C:\Users\AlexFil\AppData\Local\Temp\idea6.sbt""", None, None)
[debug] > Exec(boot, None, None)
[debug] > Exec(writeSbtVersion, None, None)
[debug] > Exec(reload, None, None)
[debug] > Exec(sbtStashOnFailure, None, None)
[debug] > Exec(onFailure loadFailed, None, None)
[debug] > Exec(loadp, None, None)
[info] welcome to sbt 1.9.7 (Eclipse Adoptium Java 17.0.9)
[debug] Load.defaultLoad until apply took 412.3018ms
[debug]           Load.loadUnit: plugins took 251.6229ms
[debug]           Load.loadUnit: defsScala took 0.6518ms
[debug] [Loading] Scanning directory C:\Users\AlexFil\IdeaProjects\hw3_Otus\project
[debug]             Load.loadUnit: mkEval took 18.3392ms
[debug] [Loading] Found non-root projects 
[debug] [Loading] Done in C:\Users\AlexFil\IdeaProjects\hw3_Otus\project, returning: ()
[debug] deducing auto plugins based on known facts Set(Atom(sbt.plugins.CorePlugin)) and clauses Clauses(Clause(Atom(sbt.plugins.JvmPlugin),Set(Atom(sbt.plugins.IvyPlugin)))
[debug] Clause(Atom(sbt.ScriptedPlugin),Set(Atom(sbt.plugins.JvmPlugin)))
[debug] Clause(Atom(sbt.plugins.SbtPlugin),Set(Atom(sbt.ScriptedPlugin)))
[debug] Clause(Atom(sbt.plugins.SemanticdbPlugin),Set(Atom(sbt.plugins.JvmPlugin)))
[debug] Clause(Atom(sbt.plugins.JUnitXmlReportPlugin),Set(Atom(sbt.plugins.JvmPlugin)))
[debug] Clause(Atom(sbt.plugins.MiniDependencyTreePlugin),Set(Atom(sbt.plugins.JvmPlugin)))
[debug] Clause(Atom(sbt.plugins.CorePlugin),Set(Atom(sbt.plugins.IvyPlugin)))
[debug] Clause(Atom(sbt.plugins.IvyPlugin),Set(Atom(sbt.plugins.JvmPlugin)))
[debug] Clause(Atom(sbt.plugins.JvmPlugin),Set(Atom(sbt.plugins.SemanticdbPlugin)))
[debug] Clause(Atom(sbt.plugins.JvmPlugin),Set(Atom(sbt.plugins.JUnitXmlReportPlugin)))
[debug] Clause(Atom(sbt.plugins.CorePlugin),Set(Atom(sbt.plugins.Giter8TemplatePlugin)))
[debug] Clause(Atom(sbt.plugins.JvmPlugin),Set(Atom(sbt.plugins.MiniDependencyTreePlugin))))
[debug]   :: deduced result: Matched(sbt.plugins.CorePlugin,sbt.plugins.Giter8TemplatePlugin,sbt.plugins.IvyPlugin,sbt.plugins.JvmPlugin,sbt.plugins.MiniDependencyTreePlugin,sbt.plugins.JUnitXmlReportPlugin,sbt.plugins.SemanticdbPlugin)
[debug] Plugins.deducer#function took 61.1781 ms
[info] loading settings for project hw3_otus-build from idea6.sbt ...
[debug]               Load.resolveProject(hw3_otus-build) took 146.6732ms
[debug]             Load.loadTransitive: finalizeProject(Project(id hw3_otus-build, base: C:\Users\AlexFil\IdeaProjects\hw3_Otus\project, plugins: List(<none>))) took 265.6185ms
[debug] [Loading] Done in C:\Users\AlexFil\IdeaProjects\hw3_Otus\project, returning: (hw3_otus-build)
[debug]           Load.loadUnit: loadedProjectsRaw took 1204.876ms
[debug]           Load.loadUnit: cleanEvalClasses took 31.9261ms
[debug]         Load.loadUnit(file:/C:/Users/AlexFil/IdeaProjects/hw3_Otus/project/, ...) took 1502.5148ms
[debug]       Load.apply: load took 1942.837ms
[debug]       Load.apply: resolveProjects took 32.3093ms
[debug]       Load.apply: finalTransforms took 363.2567ms
[debug]       Load.apply: config.delegates took 44.4704ms
[debug]       Load.apply: Def.make(settings)... took 3148.0378ms
[debug]       Load.apply: structureIndex took 602.2835ms
[debug]       Load.apply: mkStreams took 11.7304ms
[info] loading project definition from C:\Users\AlexFil\IdeaProjects\hw3_Otus\project
[debug] Running task... Cancel: Signal, check cycles: false, forcegc: true
[debug]     Load.loadUnit: plugins took 10748.2139ms
[debug]     Load.loadUnit: defsScala took 0.0223ms
[debug] [Loading] Scanning directory C:\Users\AlexFil\IdeaProjects\hw3_Otus
[debug]       Load.loadUnit: mkEval took 1.087ms
[debug] [Loading] Found root project root w/ remaining 
[debug] deducing auto plugins based on known facts Set(Atom(sbt.plugins.CorePlugin)) and clauses Clauses(Clause(Atom(sbt.plugins.JvmPlugin),Set(Atom(sbt.plugins.IvyPlugin)))
[debug] Clause(Atom(sbt.ScriptedPlugin),Set(Atom(sbt.plugins.JvmPlugin)))
[debug] Clause(Atom(sbt.plugins.SbtPlugin),Set(Atom(sbt.ScriptedPlugin)))
[debug] Clause(Atom(sbt.plugins.SemanticdbPlugin),Set(Atom(sbt.plugins.JvmPlugin)))
[debug] Clause(Atom(sbt.plugins.JUnitXmlReportPlugin),Set(Atom(sbt.plugins.JvmPlugin)))
[debug] Clause(Atom(sbt.plugins.MiniDependencyTreePlugin),Set(Atom(sbt.plugins.JvmPlugin)))
[debug] Clause(Atom(org.jetbrains.sbt.StructurePlugin),Set(Atom(sbt.plugins.JvmPlugin)))
[debug] Clause(Atom(org.jetbrains.sbt.IdeaShellPlugin),Set(Atom(sbt.plugins.JvmPlugin)))
[debug] Clause(Atom(org.jetbrains.sbt.indices.SbtIntellijIndicesPlugin),Set(Atom(sbt.plugins.JvmPlugin)))
[debug] Clause(Atom(sbt.plugins.CorePlugin),Set(Atom(sbt.plugins.IvyPlugin)))
[debug] Clause(Atom(sbt.plugins.IvyPlugin),Set(Atom(sbt.plugins.JvmPlugin)))
[debug] Clause(Atom(sbt.plugins.JvmPlugin),Set(Atom(sbt.plugins.SemanticdbPlugin)))
[debug] Clause(Atom(sbt.plugins.JvmPlugin),Set(Atom(sbt.plugins.JUnitXmlReportPlugin)))
[debug] Clause(Atom(sbt.plugins.CorePlugin),Set(Atom(sbt.plugins.Giter8TemplatePlugin)))
[debug] Clause(Atom(sbt.plugins.JvmPlugin),Set(Atom(sbt.plugins.MiniDependencyTreePlugin)))
[debug] Clause(Atom(sbt.plugins.JvmPlugin),Set(Atom(org.jetbrains.sbt.StructurePlugin)))
[debug] Clause(Atom(sbt.plugins.JvmPlugin),Set(Atom(org.jetbrains.sbt.IdeaShellPlugin)))
[debug] Clause(And(Set(Atom(sbt.plugins.CorePlugin), Atom(sbt.plugins.JvmPlugin))),Set(Atom(org.jetbrains.sbt.indices.SbtIntellijIndicesPlugin))))
[debug]   :: deduced result: Matched(sbt.plugins.CorePlugin,sbt.plugins.Giter8TemplatePlugin,sbt.plugins.IvyPlugin,sbt.plugins.JvmPlugin,sbt.plugins.SemanticdbPlugin,org.jetbrains.sbt.indices.SbtIntellijIndicesPlugin,sbt.plugins.JUnitXmlReportPlugin,org.jetbrains.sbt.IdeaShellPlugin,org.jetbrains.sbt.StructurePlugin,sbt.plugins.MiniDependencyTreePlugin)
[debug] Plugins.deducer#function took 26.721 ms
[info] loading settings for project root from build.sbt ...
[debug]         Load.resolveProject(root) took 241.7992ms
[debug]       Load.loadTransitive: finalizeProject(Project(id root, base: C:\Users\AlexFil\IdeaProjects\hw3_Otus, plugins: List(<none>))) took 294.5014ms
[debug] [Loading] Done in C:\Users\AlexFil\IdeaProjects\hw3_Otus, returning: (root)
[debug]     Load.loadUnit: loadedProjectsRaw took 15556.5116ms
[debug]     Load.loadUnit: cleanEvalClasses took 117.3401ms
[debug]   Load.loadUnit(file:/C:/Users/AlexFil/IdeaProjects/hw3_Otus/, ...) took 26426.6202ms
[debug] Load.apply: load took 26506.649ms
[debug] Load.apply: resolveProjects took 0.428ms
[debug] Load.apply: finalTransforms took 309.5778ms
[debug] Load.apply: config.delegates took 1.8261ms
[debug] Load.apply: Def.make(settings)... took 448.174ms
[debug] Load.apply: structureIndex took 157.0144ms
[debug] Load.apply: mkStreams took 0.4153ms
[info] set current project to hw3_Otus (in build file:/C:/Users/AlexFil/IdeaProjects/hw3_Otus/)
[debug] > Exec(sbtPopOnFailure, None, None)
[debug] > Exec(resumeFromFailure, None, None)
[debug] > Exec(notifyUsersAboutShell, None, None)
[debug] > Exec(iflast shell, None, None)
[debug] > Exec(; set ideaPort in Global := 61835 ; idea-shell, None, None)
[debug] > Exec(set ideaPort in Global := 61835, None, None)
[info] Defining Global / ideaPort
[info] The new value will be used by Compile / compile, Test / compile
[debug] Defining 
[debug] 	Global / ideaPort
[debug] 
[debug] The new value will be used by 
[debug] 	Compile / compile
[debug] 	Test / compile
[info] Reapplying settings...
[info] set current project to hw3_Otus (in build file:/C:/Users/AlexFil/IdeaProjects/hw3_Otus/)
[debug] > Exec(idea-shell, None, None)
