[debug] > Exec(early(addDefaultCommands), None, None)
[debug] > Exec(addDefaultCommands, None, None)
[debug] > Exec(early(initialize), None, None)
[debug] > Exec(initialize, None, None)
[debug] > Exec(early(addPluginSbtFile="""C:\Users\AlexFil\AppData\Local\Temp\idea11.sbt"""), None, None)
[debug] > Exec(addPluginSbtFile="""C:\Users\AlexFil\AppData\Local\Temp\idea11.sbt""", None, None)
[debug] > Exec(boot, None, None)
[debug] > Exec(writeSbtVersion, None, None)
[debug] > Exec(reload, None, None)
[debug] > Exec(sbtStashOnFailure, None, None)
[debug] > Exec(onFailure loadFailed, None, None)
[debug] > Exec(loadp, None, None)
[info] welcome to sbt 1.9.7 (Eclipse Adoptium Java 17.0.9)
[debug] Load.defaultLoad until apply took 628.0298ms
[debug]           Load.loadUnit: plugins took 503.943ms
[debug]           Load.loadUnit: defsScala took 0.6314ms
[debug] [Loading] Scanning directory C:\Users\AlexFil\IdeaProjects\hw3_Otus\project
[debug]             Load.loadUnit: mkEval took 39.4691ms
[debug] [Loading] Found non-root projects 
[debug] [Loading] Done in C:\Users\AlexFil\IdeaProjects\hw3_Otus\project, returning: ()
[debug] deducing auto plugins based on known facts Set(Atom(sbt.plugins.CorePlugin)) and clauses Clauses(Clause(Atom(sbt.plugins.JvmPlugin),Set(Atom(sbt.plugins.IvyPlugin)))
[debug] Clause(Atom(sbt.ScriptedPlugin),Set(Atom(sbt.plugins.JvmPlugin)))
[debug] Clause(Atom(sbt.plugins.SbtPlugin),Set(Atom(sbt.ScriptedPlugin)))
[debug] Clause(Atom(sbt.plugins.SemanticdbPlugin),Set(Atom(sbt.plugins.JvmPlugin)))
[debug] Clause(Atom(sbt.plugins.JUnitXmlReportPlugin),Set(Atom(sbt.plugins.JvmPlugin)))
[debug] Clause(Atom(sbt.plugins.MiniDependencyTreePlugin),Set(Atom(sbt.plugins.JvmPlugin)))
[debug] Clause(Atom(sbt.plugins.CorePlugin),Set(Atom(sbt.plugins.IvyPlugin)))
[debug] Clause(Atom(sbt.plugins.IvyPlugin),Set(Atom(sbt.plugins.JvmPlugin)))
[debug] Clause(Atom(sbt.plugins.JvmPlugin),Set(Atom(sbt.plugins.SemanticdbPlugin)))
[debug] Clause(Atom(sbt.plugins.JvmPlugin),Set(Atom(sbt.plugins.JUnitXmlReportPlugin)))
[debug] Clause(Atom(sbt.plugins.CorePlugin),Set(Atom(sbt.plugins.Giter8TemplatePlugin)))
[debug] Clause(Atom(sbt.plugins.JvmPlugin),Set(Atom(sbt.plugins.MiniDependencyTreePlugin))))
[debug]   :: deduced result: Matched(sbt.plugins.CorePlugin,sbt.plugins.Giter8TemplatePlugin,sbt.plugins.IvyPlugin,sbt.plugins.JvmPlugin,sbt.plugins.MiniDependencyTreePlugin,sbt.plugins.JUnitXmlReportPlugin,sbt.plugins.SemanticdbPlugin)
[debug] Plugins.deducer#function took 49.2687 ms
[info] loading settings for project hw3_otus-build from idea11.sbt ...
[debug]               Load.resolveProject(hw3_otus-build) took 191.1304ms
[debug]             Load.loadTransitive: finalizeProject(Project(id hw3_otus-build, base: C:\Users\AlexFil\IdeaProjects\hw3_Otus\project, plugins: List(<none>))) took 294.6983ms
[debug] [Loading] Done in C:\Users\AlexFil\IdeaProjects\hw3_Otus\project, returning: (hw3_otus-build)
[debug]           Load.loadUnit: loadedProjectsRaw took 2296.1452ms
[debug]           Load.loadUnit: cleanEvalClasses took 32.7357ms
[debug]         Load.loadUnit(file:/C:/Users/AlexFil/IdeaProjects/hw3_Otus/project/, ...) took 2861.2482ms
[debug]       Load.apply: load took 3512.2184ms
[debug]       Load.apply: resolveProjects took 17.2825ms
[debug]       Load.apply: finalTransforms took 208.938ms
[debug]       Load.apply: config.delegates took 23.798ms
[debug]       Load.apply: Def.make(settings)... took 1644.5046ms
[debug]       Load.apply: structureIndex took 466.1179ms
[debug]       Load.apply: mkStreams took 16.5076ms
[info] loading project definition from C:\Users\AlexFil\IdeaProjects\hw3_Otus\project
[debug] Running task... Cancel: Signal, check cycles: false, forcegc: true
[debug]     Load.loadUnit: plugins took 8994.9115ms
[debug]     Load.loadUnit: defsScala took 0.0058ms
[debug] [Loading] Scanning directory C:\Users\AlexFil\IdeaProjects\hw3_Otus
[debug]       Load.loadUnit: mkEval took 2.0418ms
[debug] [Loading] Found root project root w/ remaining 
[debug] deducing auto plugins based on known facts Set(Atom(sbt.plugins.CorePlugin)) and clauses Clauses(Clause(Atom(sbt.plugins.JvmPlugin),Set(Atom(sbt.plugins.IvyPlugin)))
[debug] Clause(Atom(sbt.ScriptedPlugin),Set(Atom(sbt.plugins.JvmPlugin)))
[debug] Clause(Atom(sbt.plugins.SbtPlugin),Set(Atom(sbt.ScriptedPlugin)))
[debug] Clause(Atom(sbt.plugins.SemanticdbPlugin),Set(Atom(sbt.plugins.JvmPlugin)))
[debug] Clause(Atom(sbt.plugins.JUnitXmlReportPlugin),Set(Atom(sbt.plugins.JvmPlugin)))
[debug] Clause(Atom(sbt.plugins.MiniDependencyTreePlugin),Set(Atom(sbt.plugins.JvmPlugin)))
[debug] Clause(Atom(org.jetbrains.sbt.StructurePlugin),Set(Atom(sbt.plugins.JvmPlugin)))
[debug] Clause(Atom(org.jetbrains.sbt.IdeaShellPlugin),Set(Atom(sbt.plugins.JvmPlugin)))
[debug] Clause(Atom(org.jetbrains.sbt.indices.SbtIntellijIndicesPlugin),Set(Atom(sbt.plugins.JvmPlugin)))
[debug] Clause(Atom(sbt.plugins.CorePlugin),Set(Atom(sbt.plugins.IvyPlugin)))
[debug] Clause(Atom(sbt.plugins.IvyPlugin),Set(Atom(sbt.plugins.JvmPlugin)))
[debug] Clause(Atom(sbt.plugins.JvmPlugin),Set(Atom(sbt.plugins.SemanticdbPlugin)))
[debug] Clause(Atom(sbt.plugins.JvmPlugin),Set(Atom(sbt.plugins.JUnitXmlReportPlugin)))
[debug] Clause(Atom(sbt.plugins.CorePlugin),Set(Atom(sbt.plugins.Giter8TemplatePlugin)))
[debug] Clause(Atom(sbt.plugins.JvmPlugin),Set(Atom(sbt.plugins.MiniDependencyTreePlugin)))
[debug] Clause(Atom(sbt.plugins.JvmPlugin),Set(Atom(org.jetbrains.sbt.StructurePlugin)))
[debug] Clause(Atom(sbt.plugins.JvmPlugin),Set(Atom(org.jetbrains.sbt.IdeaShellPlugin)))
[debug] Clause(And(Set(Atom(sbt.plugins.CorePlugin), Atom(sbt.plugins.JvmPlugin))),Set(Atom(org.jetbrains.sbt.indices.SbtIntellijIndicesPlugin))))
[debug]   :: deduced result: Matched(sbt.plugins.CorePlugin,sbt.plugins.Giter8TemplatePlugin,sbt.plugins.IvyPlugin,sbt.plugins.JvmPlugin,sbt.plugins.SemanticdbPlugin,org.jetbrains.sbt.indices.SbtIntellijIndicesPlugin,sbt.plugins.JUnitXmlReportPlugin,org.jetbrains.sbt.IdeaShellPlugin,org.jetbrains.sbt.StructurePlugin,sbt.plugins.MiniDependencyTreePlugin)
[debug] Plugins.deducer#function took 5.9885 ms
[info] loading settings for project root from build.sbt ...
[debug]         Load.resolveProject(root) took 96.7904ms
[debug]       Load.loadTransitive: finalizeProject(Project(id root, base: C:\Users\AlexFil\IdeaProjects\hw3_Otus, plugins: List(<none>))) took 113.7446ms
[debug] [Loading] Done in C:\Users\AlexFil\IdeaProjects\hw3_Otus, returning: (root)
[debug]     Load.loadUnit: loadedProjectsRaw took 382.77ms
[debug]     Load.loadUnit: cleanEvalClasses took 34.4093ms
[debug]   Load.loadUnit(file:/C:/Users/AlexFil/IdeaProjects/hw3_Otus/, ...) took 9421.0041ms
[debug] Load.apply: load took 9551.4613ms
[debug] Load.apply: resolveProjects took 0.346ms
[debug] Load.apply: finalTransforms took 155.7137ms
[debug] Load.apply: config.delegates took 2.6515ms
[debug] Load.apply: Def.make(settings)... took 483.1939ms
[debug] Load.apply: structureIndex took 126.8129ms
[debug] Load.apply: mkStreams took 0.0069ms
[info] set current project to hw3_Otus (in build file:/C:/Users/AlexFil/IdeaProjects/hw3_Otus/)
[debug] > Exec(sbtPopOnFailure, None, None)
[debug] > Exec(resumeFromFailure, None, None)
[debug] > Exec(notifyUsersAboutShell, None, None)
[debug] > Exec(iflast shell, None, None)
[debug] > Exec(; set ideaPort in Global := 61835 ; idea-shell, None, None)
[debug] > Exec(set ideaPort in Global := 61835, None, None)
[info] Defining Global / ideaPort
[info] The new value will be used by Compile / compile, Test / compile
[debug] Defining 
[debug] 	Global / ideaPort
[debug] 
[debug] The new value will be used by 
[debug] 	Compile / compile
[debug] 	Test / compile
[info] Reapplying settings...
[info] set current project to hw3_Otus (in build file:/C:/Users/AlexFil/IdeaProjects/hw3_Otus/)
[debug] > Exec(idea-shell, None, None)
