[debug] > Exec(early(addDefaultCommands), None, None)
[debug] > Exec(addDefaultCommands, None, None)
[debug] > Exec(early(initialize), None, None)
[debug] > Exec(initialize, None, None)
[debug] > Exec(early(addPluginSbtFile="""C:\Users\AlexFil\AppData\Local\Temp\idea8.sbt"""), None, None)
[debug] > Exec(addPluginSbtFile="""C:\Users\AlexFil\AppData\Local\Temp\idea8.sbt""", None, None)
[debug] > Exec(boot, None, None)
[debug] > Exec(writeSbtVersion, None, None)
[debug] > Exec(reload, None, None)
[debug] > Exec(sbtStashOnFailure, None, None)
[debug] > Exec(onFailure loadFailed, None, None)
[debug] > Exec(loadp, None, None)
[info] welcome to sbt 1.9.7 (Eclipse Adoptium Java 17.0.9)
[debug] Load.defaultLoad until apply took 734.277ms
[debug]           Load.loadUnit: plugins took 531.2307ms
[debug]           Load.loadUnit: defsScala took 0.5224ms
[debug] [Loading] Scanning directory C:\Users\AlexFil\IdeaProjects\hw3_Otus\project
[debug]             Load.loadUnit: mkEval took 34.3165ms
[debug] [Loading] Found non-root projects 
[debug] [Loading] Done in C:\Users\AlexFil\IdeaProjects\hw3_Otus\project, returning: ()
[debug] deducing auto plugins based on known facts Set(Atom(sbt.plugins.CorePlugin)) and clauses Clauses(Clause(Atom(sbt.plugins.JvmPlugin),Set(Atom(sbt.plugins.IvyPlugin)))
[debug] Clause(Atom(sbt.ScriptedPlugin),Set(Atom(sbt.plugins.JvmPlugin)))
[debug] Clause(Atom(sbt.plugins.SbtPlugin),Set(Atom(sbt.ScriptedPlugin)))
[debug] Clause(Atom(sbt.plugins.SemanticdbPlugin),Set(Atom(sbt.plugins.JvmPlugin)))
[debug] Clause(Atom(sbt.plugins.JUnitXmlReportPlugin),Set(Atom(sbt.plugins.JvmPlugin)))
[debug] Clause(Atom(sbt.plugins.MiniDependencyTreePlugin),Set(Atom(sbt.plugins.JvmPlugin)))
[debug] Clause(Atom(sbt.plugins.CorePlugin),Set(Atom(sbt.plugins.IvyPlugin)))
[debug] Clause(Atom(sbt.plugins.IvyPlugin),Set(Atom(sbt.plugins.JvmPlugin)))
[debug] Clause(Atom(sbt.plugins.JvmPlugin),Set(Atom(sbt.plugins.SemanticdbPlugin)))
[debug] Clause(Atom(sbt.plugins.JvmPlugin),Set(Atom(sbt.plugins.JUnitXmlReportPlugin)))
[debug] Clause(Atom(sbt.plugins.CorePlugin),Set(Atom(sbt.plugins.Giter8TemplatePlugin)))
[debug] Clause(Atom(sbt.plugins.JvmPlugin),Set(Atom(sbt.plugins.MiniDependencyTreePlugin))))
[debug]   :: deduced result: Matched(sbt.plugins.CorePlugin,sbt.plugins.Giter8TemplatePlugin,sbt.plugins.IvyPlugin,sbt.plugins.JvmPlugin,sbt.plugins.MiniDependencyTreePlugin,sbt.plugins.JUnitXmlReportPlugin,sbt.plugins.SemanticdbPlugin)
[debug] Plugins.deducer#function took 70.3539 ms
[info] loading settings for project hw3_otus-build from idea8.sbt ...
[debug]               Load.resolveProject(hw3_otus-build) took 159.955ms
[debug]             Load.loadTransitive: finalizeProject(Project(id hw3_otus-build, base: C:\Users\AlexFil\IdeaProjects\hw3_Otus\project, plugins: List(<none>))) took 293.967ms
[debug] [Loading] Done in C:\Users\AlexFil\IdeaProjects\hw3_Otus\project, returning: (hw3_otus-build)
[debug]           Load.loadUnit: loadedProjectsRaw took 3124.9713ms
[debug]           Load.loadUnit: cleanEvalClasses took 30.4868ms
[debug]         Load.loadUnit(file:/C:/Users/AlexFil/IdeaProjects/hw3_Otus/project/, ...) took 3699.4182ms
[debug]       Load.apply: load took 4153.8135ms
[debug]       Load.apply: resolveProjects took 18.0728ms
[debug]       Load.apply: finalTransforms took 214.1411ms
[debug]       Load.apply: config.delegates took 36.0289ms
[debug]       Load.apply: Def.make(settings)... took 1444.3477ms
[debug]       Load.apply: structureIndex took 608.6642ms
[debug]       Load.apply: mkStreams took 14.1529ms
[info] loading project definition from C:\Users\AlexFil\IdeaProjects\hw3_Otus\project
[debug] Running task... Cancel: Signal, check cycles: false, forcegc: true
[debug]     Load.loadUnit: plugins took 11124.108ms
[debug]     Load.loadUnit: defsScala took 0.0165ms
[debug] [Loading] Scanning directory C:\Users\AlexFil\IdeaProjects\hw3_Otus
[debug]       Load.loadUnit: mkEval took 2.1029ms
[debug] [Loading] Found root project root w/ remaining 
[debug] deducing auto plugins based on known facts Set(Atom(sbt.plugins.CorePlugin)) and clauses Clauses(Clause(Atom(sbt.plugins.JvmPlugin),Set(Atom(sbt.plugins.IvyPlugin)))
[debug] Clause(Atom(sbt.ScriptedPlugin),Set(Atom(sbt.plugins.JvmPlugin)))
[debug] Clause(Atom(sbt.plugins.SbtPlugin),Set(Atom(sbt.ScriptedPlugin)))
[debug] Clause(Atom(sbt.plugins.SemanticdbPlugin),Set(Atom(sbt.plugins.JvmPlugin)))
[debug] Clause(Atom(sbt.plugins.JUnitXmlReportPlugin),Set(Atom(sbt.plugins.JvmPlugin)))
[debug] Clause(Atom(sbt.plugins.MiniDependencyTreePlugin),Set(Atom(sbt.plugins.JvmPlugin)))
[debug] Clause(Atom(org.jetbrains.sbt.StructurePlugin),Set(Atom(sbt.plugins.JvmPlugin)))
[debug] Clause(Atom(org.jetbrains.sbt.IdeaShellPlugin),Set(Atom(sbt.plugins.JvmPlugin)))
[debug] Clause(Atom(org.jetbrains.sbt.indices.SbtIntellijIndicesPlugin),Set(Atom(sbt.plugins.JvmPlugin)))
[debug] Clause(Atom(sbt.plugins.CorePlugin),Set(Atom(sbt.plugins.IvyPlugin)))
[debug] Clause(Atom(sbt.plugins.IvyPlugin),Set(Atom(sbt.plugins.JvmPlugin)))
[debug] Clause(Atom(sbt.plugins.JvmPlugin),Set(Atom(sbt.plugins.SemanticdbPlugin)))
[debug] Clause(Atom(sbt.plugins.JvmPlugin),Set(Atom(sbt.plugins.JUnitXmlReportPlugin)))
[debug] Clause(Atom(sbt.plugins.CorePlugin),Set(Atom(sbt.plugins.Giter8TemplatePlugin)))
[debug] Clause(Atom(sbt.plugins.JvmPlugin),Set(Atom(sbt.plugins.MiniDependencyTreePlugin)))
[debug] Clause(Atom(sbt.plugins.JvmPlugin),Set(Atom(org.jetbrains.sbt.StructurePlugin)))
[debug] Clause(Atom(sbt.plugins.JvmPlugin),Set(Atom(org.jetbrains.sbt.IdeaShellPlugin)))
[debug] Clause(And(Set(Atom(sbt.plugins.CorePlugin), Atom(sbt.plugins.JvmPlugin))),Set(Atom(org.jetbrains.sbt.indices.SbtIntellijIndicesPlugin))))
[debug]   :: deduced result: Matched(sbt.plugins.CorePlugin,sbt.plugins.Giter8TemplatePlugin,sbt.plugins.IvyPlugin,sbt.plugins.JvmPlugin,sbt.plugins.SemanticdbPlugin,org.jetbrains.sbt.indices.SbtIntellijIndicesPlugin,sbt.plugins.JUnitXmlReportPlugin,org.jetbrains.sbt.IdeaShellPlugin,org.jetbrains.sbt.StructurePlugin,sbt.plugins.MiniDependencyTreePlugin)
[debug] Plugins.deducer#function took 6.9459 ms
[info] loading settings for project root from build.sbt ...
[debug]         Load.resolveProject(root) took 95.3976ms
[debug]       Load.loadTransitive: finalizeProject(Project(id root, base: C:\Users\AlexFil\IdeaProjects\hw3_Otus, plugins: List(<none>))) took 111.8609ms
[debug] [Loading] Done in C:\Users\AlexFil\IdeaProjects\hw3_Otus, returning: (root)
[debug]     Load.loadUnit: loadedProjectsRaw took 12838.1238ms
[debug]     Load.loadUnit: cleanEvalClasses took 59.4564ms
[debug]   Load.loadUnit(file:/C:/Users/AlexFil/IdeaProjects/hw3_Otus/, ...) took 24035.9358ms
[debug] Load.apply: load took 24209.5911ms
[debug] Load.apply: resolveProjects took 0.2547ms
[debug] Load.apply: finalTransforms took 146.0275ms
[debug] Load.apply: config.delegates took 0.889ms
[debug] Load.apply: Def.make(settings)... took 430.966ms
[debug] Load.apply: structureIndex took 97.6529ms
[debug] Load.apply: mkStreams took 0.0112ms
[info] set current project to hw3_Otus (in build file:/C:/Users/AlexFil/IdeaProjects/hw3_Otus/)
[debug] > Exec(sbtPopOnFailure, None, None)
[debug] > Exec(resumeFromFailure, None, None)
[debug] > Exec(notifyUsersAboutShell, None, None)
[debug] > Exec(iflast shell, None, None)
[debug] > Exec(; set ideaPort in Global := 61835 ; idea-shell, None, None)
[debug] > Exec(set ideaPort in Global := 61835, None, None)
[info] Defining Global / ideaPort
[info] The new value will be used by Compile / compile, Test / compile
[debug] Defining 
[debug] 	Global / ideaPort
[debug] 
[debug] The new value will be used by 
[debug] 	Compile / compile
[debug] 	Test / compile
[info] Reapplying settings...
[info] set current project to hw3_Otus (in build file:/C:/Users/AlexFil/IdeaProjects/hw3_Otus/)
[debug] > Exec(idea-shell, None, None)
